// Jest Snapshot v1, https://goo.gl/fbAQLP

exports[`App Test Suite Should render correctly 1`] = `ShallowWrapper {}`;
